Traceback (most recent call last):
  File "/home/snarayana_umass_edu/E4SRec-1/zero_shot_withmetadata.py", line 214, in <module>
    fire.Fire(zero_shot_evaluate)
  File "/work/pi_dagarwal_umass_edu/project_7/snarayana_umass_edu/.conda/envs/e4srec/lib/python3.9/site-packages/fire/core.py", line 135, in Fire
    component_trace = _Fire(component, args, parsed_flag_args, context, name)
  File "/work/pi_dagarwal_umass_edu/project_7/snarayana_umass_edu/.conda/envs/e4srec/lib/python3.9/site-packages/fire/core.py", line 468, in _Fire
    component, remaining_args = _CallAndUpdateTrace(
  File "/work/pi_dagarwal_umass_edu/project_7/snarayana_umass_edu/.conda/envs/e4srec/lib/python3.9/site-packages/fire/core.py", line 684, in _CallAndUpdateTrace
    component = fn(*varargs, **kwargs)
  File "/home/snarayana_umass_edu/E4SRec-1/zero_shot_withmetadata.py", line 48, in zero_shot_evaluate
    full_meta = pd.read_csv("/work/pi_dagarwal_umass_edu/project_7/swetha/lastfm_all_mgphot_labels.csv")
  File "/work/pi_dagarwal_umass_edu/project_7/snarayana_umass_edu/.conda/envs/e4srec/lib/python3.9/site-packages/pandas/io/parsers/readers.py", line 1026, in read_csv
    return _read(filepath_or_buffer, kwds)
  File "/work/pi_dagarwal_umass_edu/project_7/snarayana_umass_edu/.conda/envs/e4srec/lib/python3.9/site-packages/pandas/io/parsers/readers.py", line 620, in _read
    parser = TextFileReader(filepath_or_buffer, **kwds)
  File "/work/pi_dagarwal_umass_edu/project_7/snarayana_umass_edu/.conda/envs/e4srec/lib/python3.9/site-packages/pandas/io/parsers/readers.py", line 1620, in __init__
    self._engine = self._make_engine(f, self.engine)
  File "/work/pi_dagarwal_umass_edu/project_7/snarayana_umass_edu/.conda/envs/e4srec/lib/python3.9/site-packages/pandas/io/parsers/readers.py", line 1880, in _make_engine
    self.handles = get_handle(
  File "/work/pi_dagarwal_umass_edu/project_7/snarayana_umass_edu/.conda/envs/e4srec/lib/python3.9/site-packages/pandas/io/common.py", line 873, in get_handle
    handle = open(
FileNotFoundError: [Errno 2] No such file or directory: '/work/pi_dagarwal_umass_edu/project_7/swetha/lastfm_all_mgphot_labels.csv'
